[oracle@ramya ~]$ . oraenv
ORACLE_SID = [proddb] ? proddb
The Oracle base has been set to /u01/app/oracle
[oracle@ramya ~]$ select name, open_name from v$database;
bash: syntax error near unexpected token `open_name'
[oracle@ramya ~]$ sqlplus / as sysdba

SQL*Plus: Release 19.0.0.0.0 - Production on Mon Mar 31 15:07:50 2025
Version 19.3.0.0.0

Copyright (c) 1982, 2019, Oracle.  All rights reserved.

sql> startup;
Connected to an idle instance.

SQL> show pdbs

sql> show con_name
ORACLE instance started.

Total System Global Area 1543500832 bytes
Fixed Size		    9135136 bytes
Variable Size		 1056964608 bytes
Database Buffers	  469762048 bytes
Redo Buffers		    7639040 bytes
Database mounted.
Database opened.
SQL> 
    CON_ID CON_NAME			  OPEN MODE  RESTRICTED
---------- ------------------------------ ---------- ----------
	 2 PDB$SEED			  READ ONLY  NO
	 3 HRMS 			  READ WRITE NO
	 4 ICICI			  READ WRITE NO
	 5 HDFC 			  READ WRITE NO
	 6 SBI				  READ WRITE NO
	 7 FINO 			  READ WRITE NO
	 8 CANERA			  MOUNTED
	 9 CDB				  MOUNTED
	10 PDB1 			  MOUNTED
	11 PDB2 			  MOUNTED
	12 PDB3 			  MOUNTED
SQL> SQL> 
CON_NAME
------------------------------
CDB$ROOT
SQL> alter pluggable database all open;



Pluggable database altered.

SQL> SQL> SQL> show pdbs

    CON_ID CON_NAME			  OPEN MODE  RESTRICTED
---------- ------------------------------ ---------- ----------
	 2 PDB$SEED			  READ ONLY  NO
	 3 HRMS 			  READ WRITE NO
	 4 ICICI			  READ WRITE NO
	 5 HDFC 			  READ WRITE NO
	 6 SBI				  READ WRITE NO
	 7 FINO 			  READ WRITE NO
	 8 CANERA			  READ WRITE NO
	 9 CDB				  READ WRITE NO
	10 PDB1 			  READ WRITE NO
	11 PDB2 			  READ WRITE NO
	12 PDB3 			  READ WRITE NO
SQL> exit
Disconnected from Oracle Database 19c Enterprise Edition Release 19.0.0.0.0 - Production
Version 19.3.0.0.0
[oracle@ramya ~]$ cd $ORACLE_HOME/network/admin
[oracle@ramya admin]$ ll
total 16
-rw-r--r--. 1 oracle oinstall  730 Mar 30 17:23 1
-rw-r--r--. 1 oracle oinstall  782 Mar 30 19:50 listener.ora
drwxr-xr-x. 2 oracle oinstall   64 Apr 17  2019 samples
-rw-r--r--. 1 oracle oinstall 1536 Feb 14  2018 shrept.lst
-rw-r--r--. 1 oracle oinstall  524 Mar 30 19:09 tnsnames.ora
[oracle@ramya admin]$ vi tnsnames.ORA
[oracle@ramya admin]$ cat tnsnames.ora
# tnsnames.ora Network Configuration File: /u01/app/oracle/product/19.0.0.0/dbhome_1/network/admin/tnsnames.ora
# Generated by Oracle configuration tools.

TO_PRODDB =
  (DESCRIPTION =
    (ADDRESS_LIST =
      (ADDRESS = (PROTOCOL = TCP)(HOST = 192.168.0.110)(PORT = 1521))
    )
    (CONNECT_DATA =
      (SERVICE_NAME = proddb)
    )
  )

TO_PDB2 =
  (DESCRIPTION =
    (ADDRESS_LIST =
      (ADDRESS = (PROTOCOL = TCP)(HOST = 192.168.0.110)(PORT = 1521))
    )
    (CONNECT_DATA =
      (SERVICE_NAME = pdb2)
    )
  )

[oracle@ramya admin]$ vi tnsnames.ora
[oracle@ramya admin]$ cat tnsnames.ora
# tnsnames.ora Network Configuration File: /u01/app/oracle/product/19.0.0.0/dbhome_1/network/admin/tnsnames.ora
# Generated by Oracle configuration tools.

TO_PRODDB =
  (DESCRIPTION =
    (ADDRESS_LIST =
      (ADDRESS = (PROTOCOL = TCP)(HOST = 192.168.0.110)(PORT = 1521))
    )
    (CONNECT_DATA =
      (SERVICE_NAME = proddb)
    )
  )

TO_PDB2 =
  (DESCRIPTION =
    (ADDRESS_LIST =
      (ADDRESS = (PROTOCOL = TCP)(HOST = 192.168.0.110)(PORT = 1521))
    )
    (CONNECT_DATA =
      (SERVICE_NAME = pdb2)
    )
  )


TO_PDB6 =
  (DESCRIPTION =
    (ADDRESS_LIST =
      (ADDRESS = (PROTOCOL = TCP)(HOST = 192.168.0.110)(PORT = 1521))
    )
    (CONNECT_DATA =
      (SERVICE_NAME = pdb6)
    )
  )



[oracle@ramya admin]$ cat tnsnames.ora
# tnsnames.ora Network Configuration File: /u01/app/oracle/product/19.0.0.0/dbhome_1/network/admin/tnsnames.ora
# Generated by Oracle configuration tools.

TO_PRODDB =
  (DESCRIPTION =
    (ADDRESS_LIST =
      (ADDRESS = (PROTOCOL = TCP)(HOST = 192.168.0.110)(PORT = 1521))
    )
    (CONNECT_DATA =
      (SERVICE_NAME = proddb)
    )
  )

TO_PDB2 =
  (DESCRIPTION =
    (ADDRESS_LIST =
      (ADDRESS = (PROTOCOL = TCP)(HOST = 192.168.0.110)(PORT = 1521))
    )
    (CONNECT_DATA =
      (SERVICE_NAME = pdb2)
    )
  )


TO_PDB6 =
  (DESCRIPTION =
    (ADDRESS_LIST =
      (ADDRESS = (PROTOCOL = TCP)(HOST = 192.168.0.110)(PORT = 1521))
    )
    (CONNECT_DATA =
      (SERVICE_NAME = pdb6)
    )
  )



[oracle@ramya admin]$ vi tnsnames.ora
[oracle@ramya admin]$ vi .bash_profile
[oracle@ramya admin]$ ll
total 16
-rw-r--r--. 1 oracle oinstall  730 Mar 30 17:23 1
-rw-r--r--. 1 oracle oinstall  782 Mar 30 19:50 listener.ora
drwxr-xr-x. 2 oracle oinstall   64 Apr 17  2019 samples
-rw-r--r--. 1 oracle oinstall 1536 Feb 14  2018 shrept.lst
-rw-r--r--. 1 oracle oinstall  709 Mar 31 15:20 tnsnames.ora
-rw-r--r--. 1 oracle oinstall    0 Mar 31 15:16 tnsnames.ORA
[oracle@ramya admin]$ vi listener.ora
[oracle@ramya admin]$ lsnrctl stop;

LSNRCTL for Linux: Version 19.0.0.0.0 - Production on 31-MAR-2025 15:24:35

Copyright (c) 1991, 2019, Oracle.  All rights reserved.

Connecting to (DESCRIPTION=(ADDRESS=(PROTOCOL=TCP)(HOST=192.168.0.110)(PORT=1521)))
TNS-12541: TNS:no listener
 TNS-12560: TNS:protocol adapter error
  TNS-00511: No listener
   Linux Error: 111: Connection refused
[oracle@ramya admin]$ lsnrctl start;

LSNRCTL for Linux: Version 19.0.0.0.0 - Production on 31-MAR-2025 15:27:11

Copyright (c) 1991, 2019, Oracle.  All rights reserved.

Starting /u01/app/oracle/product/19.0.0.0/dbhome_1/bin/tnslsnr: please wait...

TNSLSNR for Linux: Version 19.0.0.0.0 - Production
System parameter file is /u01/app/oracle/product/19.0.0.0/dbhome_1/network/admin/listener.ora
Log messages written to /u01/app/oracle/diag/tnslsnr/ramya/listener/alert/log.xml
Listening on: (DESCRIPTION=(ADDRESS=(PROTOCOL=tcp)(HOST=192.168.0.110)(PORT=1521)))

Connecting to (DESCRIPTION=(ADDRESS=(PROTOCOL=TCP)(HOST=192.168.0.110)(PORT=1521)))
STATUS of the LISTENER
------------------------
Alias                     LISTENER
Version                   TNSLSNR for Linux: Version 19.0.0.0.0 - Production
Start Date                31-MAR-2025 15:28:03
Uptime                    0 days 0 hr. 0 min. 47 sec
Trace Level               off
Security                  ON: Local OS Authentication
SNMP                      OFF
Listener Parameter File   /u01/app/oracle/product/19.0.0.0/dbhome_1/network/admin/listener.ora
Listener Log File         /u01/app/oracle/diag/tnslsnr/ramya/listener/alert/log.xml
Listening Endpoints Summary...
  (DESCRIPTION=(ADDRESS=(PROTOCOL=tcp)(HOST=192.168.0.110)(PORT=1521)))
Services Summary...
Service "proddb" has 1 instance(s).
  Instance "proddb", status UNKNOWN, has 1 handler(s) for this service...
The command completed successfully
[oracle@ramya admin]$ cd $ORACLE_HOME/network/admin
[oracle@ramya admin]$ netmgr
[oracle@ramya admin]$ tnsping to_pdb6

TNS Ping Utility for Linux: Version 19.0.0.0.0 - Production on 31-MAR-2025 15:34:16

Copyright (c) 1997, 2019, Oracle.  All rights reserved.

Used parameter files:


Used TNSNAMES adapter to resolve the alias
Attempting to contact (DESCRIPTION = (ADDRESS_LIST = (ADDRESS = (PROTOCOL = TCP)(HOST = 192.168.0.110)(PORT = 1521))) (CONNECT_DATA = (SERVICE_NAME = pdb6)))
lsnrctl start
OK (24660 msec)
[oracle@ramya admin]$ lsnrctl start

LSNRCTL for Linux: Version 19.0.0.0.0 - Production on 31-MAR-2025 15:34:41

Copyright (c) 1991, 2019, Oracle.  All rights reserved.

TNS-01106: Listener using listener name LISTENER has already been started
[oracle@ramya admin]$ sqlplus / as sysdba

SQL*Plus: Release 19.0.0.0.0 - Production on Mon Mar 31 15:35:28 2025
Version 19.3.0.0.0

Copyright (c) 1982, 2019, Oracle.  All rights reserved.

 startup;



show pdbs

Connected to:
Oracle Database 19c Enterprise Edition Release 19.0.0.0.0 - Production
Version 19.3.0.0.0

SQL> ORA-01081: cannot start already-running ORACLE - shut it down first
SQL> SQL> SQL> SQL> 
    CON_ID CON_NAME			  OPEN MODE  RESTRICTED
---------- ------------------------------ ---------- ----------
	 2 PDB$SEED			  READ ONLY  NO
	 3 HRMS 			  READ WRITE NO
	 4 ICICI			  READ WRITE NO
	 5 HDFC 			  READ WRITE NO
	 6 SBI				  READ WRITE NO
	 7 FINO 			  READ WRITE NO
	 8 CANERA			  READ WRITE NO
	 9 CDB				  READ WRITE NO
	10 PDB1 			  READ WRITE NO
	11 PDB2 			  READ WRITE NO
	12 PDB3 			  READ WRITE NO
SQL> alter session set container=pdb6;
ERROR:
ORA-65011: Pluggable database PDB6 does not exist.


SQL> show con_name

CON_NAME
------------------------------
CDB$ROOT
SQL> alter session set container=pdb6;
ERROR:
ORA-65011: Pluggable database PDB6 does not exist.


SQL> show con_name

CON_NAME
------------------------------
CDB$ROOT
SQL> alter session set container=cdb$root;

Session altered.

SQL> show pdbs

    CON_ID CON_NAME			  OPEN MODE  RESTRICTED
---------- ------------------------------ ---------- ----------
	 2 PDB$SEED			  READ ONLY  NO
	 3 HRMS 			  READ WRITE NO
	 4 ICICI			  READ WRITE NO
	 5 HDFC 			  READ WRITE NO
	 6 SBI				  READ WRITE NO
	 7 FINO 			  READ WRITE NO
	 8 CANERA			  READ WRITE NO
	 9 CDB				  READ WRITE NO
	10 PDB1 			  READ WRITE NO
	11 PDB2 			  READ WRITE NO
	12 PDB3 			  READ WRITE NO
SQL> alter session set container=pdb6;
ERROR:
ORA-65011: Pluggable database PDB6 does not exist.


SQL> alter session set container = pdb6;
ERROR:
ORA-65011: Pluggable database PDB6 does not exist.


SQL> alter session set container=pdb6;
ERROR:
ORA-65011: Pluggable database PDB6 does not exist.


SQL> show user
USER is "SYS"
SQL> create user clone_user identified by clone_user;
create user clone_user identified by clone_user
            *
ERROR at line 1:
ORA-65096: invalid common user or role name


SQL> tnsping to_pdb6
SP2-0734: unknown command beginning "tnsping to..." - rest of line ignored.
SQL> lsnrctl start pdb6
SP2-0734: unknown command beginning "lsnrctl st..." - rest of line ignored.
SQL> cd $ORACLE_HOME/network/admin
SP2-0734: unknown command beginning "cd $ORACLE..." - rest of line ignored.
SQL>  alter session set container = pdb6;
ERROR:
ORA-65011: Pluggable database PDB6 does not exist.


SQL> create pluggable database pdb6 from pdb3@pdb6link;
create pluggable database pdb6 from pdb3@pdb6link
*
ERROR at line 1:
ORA-17627: ORA-12514: TNS:listener does not currently know of service requested
in connect descriptor
ORA-17629: Cannot connect to the remote database server
===========================================================================================

SQL> 
practice 30/03/2025
PRODDB
SQL> select name, open_mode from v$database;

NAME	  OPEN_MODE
--------- --------------------
PRODDB	  READ WRITE


SQL> show pdbs

    CON_ID CON_NAME			  OPEN MODE  RESTRICTED
---------- ------------------------------ ---------- ----------
	 2 PDB$SEED			  READ ONLY  NO
	 3 HRMS 			  READ WRITE NO
	 4 ICICI			  READ WRITE NO
	 5 HDFC 			  READ WRITE NO
	 6 SBI				  READ WRITE NO
	 7 FINO 			  READ WRITE NO
	 8 CANERA			  READ WRITE NO
	 9 CDB				  READ WRITE NO
	10 PDB1 			  READ WRITE NO
	11 PDB2 			  READ WRITE NO
	12 PDB3 			  READ WRITE NO
	
SQL> alter session set container=pdb3;

Session altered.

SQL> show user
USER is "SYS"
SQL> show con_name

CON_NAME
------------------------------
PDB3

SQL> create user clone_user identified by clone_user;

User created.

SQL> grant connect, resource, create pluggable database to clone_user;

Grant succeeded.

SQL> show con_name

CON_NAME
------------------------------
PDB3
SQL> alter session set container=cdb$root;

Session altered.

SQL> show con_name

CON_NAME
------------------------------
CDB$ROOT
SQL> show pdbs

    CON_ID CON_NAME			  OPEN MODE  RESTRICTED
---------- ------------------------------ ---------- ----------
	 2 PDB$SEED			  READ ONLY  NO
	 3 HRMS 			  READ WRITE NO
	 4 ICICI			  READ WRITE NO
	 5 HDFC 			  READ WRITE NO
	 6 SBI				  READ WRITE NO
	 7 FINO 			  READ WRITE NO
	 8 CANERA			  READ WRITE NO
	 9 CDB				  READ WRITE NO
	10 PDB1 			  READ WRITE NO
	11 PDB2 			  READ WRITE NO
	12 PDB3 			  READ WRITE NO
SQL> alter pluggable database pdb3 close;

Pluggable database altered.

SQL> show pdbs

    CON_ID CON_NAME			  OPEN MODE  RESTRICTED
---------- ------------------------------ ---------- ----------
	 2 PDB$SEED			  READ ONLY  NO
	 3 HRMS 			  READ WRITE NO
	 4 ICICI			  READ WRITE NO
	 5 HDFC 			  READ WRITE NO
	 6 SBI				  READ WRITE NO
	 7 FINO 			  READ WRITE NO
	 8 CANERA			  READ WRITE NO
	 9 CDB				  READ WRITE NO
	10 PDB1 			  READ WRITE NO
	11 PDB2 			  READ WRITE NO
	12 PDB3 			  MOUNTED
SQL> alter pluggable database pdb3 open read only;

Pluggable database altered.

SQL> show pdbs

    CON_ID CON_NAME			  OPEN MODE  RESTRICTED
---------- ------------------------------ ---------- ----------
	 2 PDB$SEED			  READ ONLY  NO
	 3 HRMS 			  READ WRITE NO
	 4 ICICI			  READ WRITE NO
	 5 HDFC 			  READ WRITE NO
	 6 SBI				  READ WRITE NO
	 7 FINO 			  READ WRITE NO
	 8 CANERA			  READ WRITE NO
	 9 CDB				  READ WRITE NO
	10 PDB1 			  READ WRITE NO
	11 PDB2 			  READ WRITE NO
	12 PDB3 			  READ ONLY  NO
SQL> exit

[oracle@ramya admin]$ pwd
/u01/app/oracle/product/19.0.0.0/dbhome_1/network/admin
[oracle@ramya admin]$ ll

--- If netmgr not works, then do the below

[oracle@ramya admin]$ export PATH=$PATH:$ORACLE_HOME/bin
[oracle@ramya admin]$ netmgr


--- now create pdb3 listener and pdb3 tnsnames
	and start listener by "lsnrctl start pdb3" and check tns by "tnsping to_pdb3"
	
[oracle@ramya admin]$ lsnrctl start pdb3


Services Summary...
Service "pdb3" has 1 instance(s).
  Instance "proddb", status UNKNOWN, has 1 handler(s) for this service...
The command completed successfully

[oracle@ramya admin]$ sqlplus sys/oracle@to_pdb3 as sysdba



SQL> select name,open_mode from v$database;

NAME	  OPEN_MODE
--------- --------------------
PRODDB	  READ ONLY

SQL> show pdbs

    CON_ID CON_NAME			  OPEN MODE  RESTRICTED
---------- ------------------------------ ---------- ----------
	12 PDB3 			  READ ONLY  NO
SQL> show con_name

CON_NAME
------------------------------
PDB3
SQL> 



**********************************************************************

testdb

--- first go to "cd $ORACLE_HOME/network/admin"

[oracle@testdb admin]$ vi tnsnames.ora

---- copy the pdb3 tns details in this tns and save & exit
--- check for tnsping

[oracle@testdb admin]$ tnsping to_pdb3


--- now connect to sqlplus

[oracle@testdb ~]$ cat /etc/oratab
[oracle@testdb ~]$ . oraenv
[oracle@testdb ~]$ testdb
[oracle@testdb ~]$ sqlplus / as SYSDBA
sql> startup;



SQL> select name, open_mode from v$database;

NAME	  OPEN_MODE
--------- --------------------
TESTDB	  READ WRITE

SQL> 
SQL> 
SQL> 
SQL> show pdbs

    CON_ID CON_NAME			  OPEN MODE  RESTRICTED
---------- ------------------------------ ---------- ----------
	 2 PDB$SEED			  READ ONLY  NO
	 3 SBH				  MOUNTED
SQL>                      
SQL> 
SQL> 

SQL> show con_name

CON_NAME
------------------------------
CDB$ROOT
SQL> create database link pdb3link connect to clone_user identified by clone_user using 'to_pdb3';
sql> create database link pdb6link connect to clone_user identified by clone_user using 'to_pdb6';
Database link created.

SQL> select * from tab@pdb3link;
sql> select * from tab@pdb6link;
no rows selected

SQL> create pluggable database pdb3 from pdb3@pdb3link;

SQL> create pluggable database pdb6 from pdb3@pdb6link;
create pluggable database pdb2 from pdb2@pdb2link;
create pluggable database sbi2 from sbi2@sbi2link;
Pluggable database created.

SQL> show con_name

CON_NAME
------------------------------
CDB$ROOT
SQL> show pdbs

    CON_ID CON_NAME			  OPEN MODE  RESTRICTED
---------- ------------------------------ ---------- ----------
	 2 PDB$SEED			  READ ONLY  NO
	 3 SBH				  MOUNTED
	 4 PDB3 			  MOUNTED
SQL> alter pluggable database all open;

Pluggable database altered.

SQL> show pdbs

    CON_ID CON_NAME			  OPEN MODE  RESTRICTED
---------- ------------------------------ ---------- ----------
	 2 PDB$SEED			  READ ONLY  NO
	 3 SBH				  READ WRITE NO
	 4 PDB3 			  READ WRITE NO
SQL> 





Cloning of database done



CREATE PLUGGABLE DATABASE icici ADMIN USER pdb_adm IDENTIFIED BY Password1;
CREATE PLUGGABLE DATABASE hdfc ADMIN USER pdb_adm IDENTIFIED BY Password1;
CREATE PLUGGABLE DATABASE sbi ADMIN USER pdb_adm IDENTIFIED BY Password1;
CREATE PLUGGABLE DATABASE boa ADMIN USER pdb_adm IDENTIFIED BY Password1;




#################################################################################################

!!!!!!!!!!!!!!!!!!!!!!!!!!!!!!!!!!!!!!!!!!!!!!!!!!!!!!!!!!!!!!!!!!!!!!!!!!!!!!!!!!!!!!!!!!

CREATE NEW PLUGGABLE DATABASE (SBI2) BY CLONNING AN EXISTING PLUGGABLE DATABASE (SBI):
!!!!!!!!!!!!!!!!!!!!!!!!!!!!!!!!!!!!!!!!!!!!!!!!!!!!!!!!!!!!!!!!!!!!!!!!!!!!!!!!!!!!!!!!!!
[oracle@vendb ~]$ . oraenv
ORACLE_SID = [vendb] ? vendb
The Oracle base remains unchanged with value /u01/app/oracle
[oracle@vendb ~]$ sqlplus / as sysdba

Connected to an idle instance.
 
SQL> startup;

ORACLE instance started.

Total System Global Area 1543500832 bytes
Fixed Size		    9135136 bytes
Variable Size		 1073741824 bytes
Database Buffers	  452984832 bytes
Redo Buffers		    7639040 bytes

Database mounted.
Database opened.
 
SQL> show pdbs

    CON_ID CON_NAME			  OPEN MODE  RESTRICTED
---------- ------------------------------ ---------- ----------
	 2 PDB$SEED			  READ ONLY  NO
	 3 FINO 			  READ WRITE NO
	 4 SBI				  READ WRITE NO
SQL> show con_name;

CON_NAME
------------------------------
CDB$ROOT
SQL> 
SQL> col name for a60
SQL> select name from v$database where con_id=3;

no rows selected

SQL> alter pluggable database sbi close immediate;

Pluggable database altered.

SQL> alter pluggable database sbi open read only;

Pluggable database altered.

SQL> show pdbs

    CON_ID CON_NAME			  OPEN MODE  RESTRICTED
---------- ------------------------------ ---------- ----------
	 2 PDB$SEED			  READ ONLY  NO
	 3 FINO 			  READ WRITE NO
	 4 SBI				  READ ONLY  NO
SQL> !mkdir -p /home/oracle/oradata/sbi

SQL> create pluggable database sbi2 from sbi;

Pluggable database created.

SQL> show pdbs

    CON_ID CON_NAME			  OPEN MODE  RESTRICTED
---------- ------------------------------ ---------- ----------
	 2 PDB$SEED			  READ ONLY  NO
	 3 FINO 			  READ WRITE NO
	 4 SBI				  READ ONLY  NO
	 5 SBI2 			  MOUNTED
SQL> alter pluggable database sbi2 open;

Pluggable database altered.

SQL> alter pluggable database sbi close immediate;

Pluggable database altered.

SQL> show pdbs      

    CON_ID CON_NAME			  OPEN MODE  RESTRICTED
---------- ------------------------------ ---------- ----------
	 2 PDB$SEED			  READ ONLY  NO
	 3 FINO 			  READ WRITE NO
	 4 SBI				  MOUNTED
	 5 SBI2 			  READ WRITE NO
SQL> alter pluggable database sbi open;

Pluggable database altered.

SQL> show pdbs

    CON_ID CON_NAME			  OPEN MODE  RESTRICTED
---------- ------------------------------ ---------- ----------
	 2 PDB$SEED			  READ ONLY  NO
	 3 FINO 			  READ WRITE NO
	 4 SBI				  READ WRITE NO
	 5 SBI2 			  READ WRITE NO

SQL> select name from v$tempfile where con_id=5;

NAME
------------------------------------------------------------
/u01/app/oracle/oradata/VENDB/3372D1F703110E3FE065D3EDC34FA7
F1/datafile/o1_mf_temp_n0ksyk1h_.dbf

completed(23/04/2025)


