[oracle@ramya ~]$ export ORACLE_BASE=/u01/app/oracle
[oracle@ramya ~]$ export ORACLE_HOME=/u01/app/oracle/product/19.0.0.0/dbhome_1
[oracle@ramya ~]$ export ORACLE_SID=ramyadb
[oracle@ramya ~]$ cd $ORACLE_HOME
[oracle@ramya dbhome_1]$ cd bin
[oracle@ramya bin]$ ./sqlplus / as sysdba

SQL*Plus: Release 19.0.0.0.0 - Production on Tue Mar 11 13:50:20 2025
Version 19.3.0.0.0

Copyright (c) 1982, 2019, Oracle.  All rights reserved.

Connected to an idle instance.

SQL> startup;
ORACLE instance started.

Total System Global Area 1543500144 bytes
Fixed Size		    8896880 bytes
Variable Size		  905969664 bytes
Database Buffers	  620756992 bytes
Redo Buffers		    7876608 bytes
Database mounted.
Database opened.
SQL> select group#,STATUS ,MEMBERS,bytes/1024/1024 MB from v$log;

    GROUP# STATUS	       MEMBERS	       MB
---------- ---------------- ---------- ----------
	 1 INACTIVE		     2	      200
	 2 INACTIVE		     2	      200
	 3 CURRENT		     2	      200

SQL> alter system switch logfile;

System altered.

SQL> select group#,STATUS ,MEMBERS,bytes/1024/1024 MB from v$log;

    GROUP# STATUS	       MEMBERS	       MB
---------- ---------------- ---------- ----------
	 1 CURRENT		     2	      200
	 2 INACTIVE		     2	      200
	 3 ACTIVE		     2	      200

SQL> alter system switch logfile;

System altered.

SQL>  select group#,STATUS ,MEMBERS,bytes/1024/1024 MB from v$log;

    GROUP# STATUS	       MEMBERS	       MB
---------- ---------------- ---------- ----------
	 1 ACTIVE		     2	      200
	 2 CURRENT		     2	      200
	 3 ACTIVE		     2	      200

SQL> set lines 300;
col member for a80;
select GROUP#, MEMBER from V$logfile order by 1;
SQL> SQL> 
    GROUP# MEMBER
---------- --------------------------------------------------------------------------------
	 1 /database/RAMYADB/onlinelog/o1_mf_1_mwp9o42w_.log
	 1 /reco/RAMYADB/onlinelog/o1_mf_1_mwp9o58l_.log
	 2 /database/RAMYADB/onlinelog/o1_mf_2_mwp9o49w_.log
	 2 /reco/RAMYADB/onlinelog/o1_mf_2_mwp9o67s_.log
	 3 /database/RAMYADB/onlinelog/o1_mf_3_mwp9o4ff_.log
	 3 /reco/RAMYADB/onlinelog/o1_mf_3_mwp9o63n_.log

6 rows selected.

SQL> alter database add logfile member '/u01/duplex/redo_1_03.log' to group 1;

Database altered.

SQL> set lines 300;
col member for a80;
select GROUP#, MEMBER from V$logfile order by 1;
SQL> SQL> 
    GROUP# MEMBER
---------- --------------------------------------------------------------------------------
	 1 /u01/duplex/redo_1_03.log
	 1 /database/RAMYADB/onlinelog/o1_mf_1_mwp9o42w_.log
	 1 /reco/RAMYADB/onlinelog/o1_mf_1_mwp9o58l_.log
	 2 /database/RAMYADB/onlinelog/o1_mf_2_mwp9o49w_.log
	 2 /reco/RAMYADB/onlinelog/o1_mf_2_mwp9o67s_.log
	 3 /database/RAMYADB/onlinelog/o1_mf_3_mwp9o4ff_.log
	 3 /reco/RAMYADB/onlinelog/o1_mf_3_mwp9o63n_.log

7 rows selected.

SQL> alter database add logfile member '/u01/duplex/redo_2_03.log' to group 2;

Database altered.

SQL> set lines 300;
col member for a80;
select GROUP#, MEMBER from V$logfile order by 1;
SQL> SQL> 
    GROUP# MEMBER
---------- --------------------------------------------------------------------------------
	 1 /database/RAMYADB/onlinelog/o1_mf_1_mwp9o42w_.log
	 1 /reco/RAMYADB/onlinelog/o1_mf_1_mwp9o58l_.log
	 1 /u01/duplex/redo_1_03.log
	 2 /u01/duplex/redo_2_03.log
	 2 /database/RAMYADB/onlinelog/o1_mf_2_mwp9o49w_.log
	 2 /reco/RAMYADB/onlinelog/o1_mf_2_mwp9o67s_.log
	 3 /database/RAMYADB/onlinelog/o1_mf_3_mwp9o4ff_.log
	 3 /reco/RAMYADB/onlinelog/o1_mf_3_mwp9o63n_.log

8 rows selected.

SQL> alter database add logfile member '/u01/duplex/redo_3_03.log' to group 3;

Database altered.

SQL> set lines 300;
col member for a80;
select GROUP#, MEMBER from V$logfile order by 1;

SQL> SQL> 
    GROUP# MEMBER
---------- --------------------------------------------------------------------------------
	 1 /database/RAMYADB/onlinelog/o1_mf_1_mwp9o42w_.log
	 1 /u01/duplex/redo_1_03.log
	 1 /reco/RAMYADB/onlinelog/o1_mf_1_mwp9o58l_.log
	 2 /reco/RAMYADB/onlinelog/o1_mf_2_mwp9o67s_.log
	 2 /u01/duplex/redo_2_03.log
	 2 /database/RAMYADB/onlinelog/o1_mf_2_mwp9o49w_.log
	 3 /u01/duplex/redo_3_03.log
	 3 /reco/RAMYADB/onlinelog/o1_mf_3_mwp9o63n_.log
	 3 /database/RAMYADB/onlinelog/o1_mf_3_mwp9o4ff_.log

9 rows selected.

SQL> SQL> alter database add logfile group 4 ('/u01/duplex/redo_4_03.log','/u01/app/oracle/oradata/VENDB/onlinelog/redo_4_02.log','/u01/app/oracle/fast_recovery_area/VENDB/onlinelog/redo_4_01.log') size 200M;
alter database add logfile group 4 ('/u01/duplex/redo_4_03.log','/u01/app/oracle/oradata/VENDB/onlinelog/redo_4_02.log','/u01/app/oracle/fast_recovery_area/VENDB/onlinelog/redo_4_01.log') size 200M
*
ERROR at line 1:
ORA-00301: error in adding log file '/u01/app/oracle/oradata/VENDB/onlinelog/redo_4_02.log' - file cannot be created
ORA-27040: file create error, unable to create file
Linux-x86_64 Error: 2: No such file or directory
Additional information: 1


SQL> alter database add logfile group 4 ('/u01/duplex/redo_4_03.log','/u01/app/oracle/oradata/RAMYADB/onlinelog/redo_4_02.log','/u01/app/oracle/fast_recovery_area/RAMYADB/onlinelog/redo_4_01.log') size 200M;
alter database add logfile group 4 ('/u01/duplex/redo_4_03.log','/u01/app/oracle/oradata/RAMYADB/onlinelog/redo_4_02.log','/u01/app/oracle/fast_recovery_area/RAMYADB/onlinelog/redo_4_01.log') size 200M
*
ERROR at line 1:
ORA-00301: error in adding log file '/u01/app/oracle/oradata/RAMYADB/onlinelog/redo_4_02.log' - file cannot be created
ORA-27040: file create error, unable to create file
Linux-x86_64 Error: 2: No such file or directory
Additional information: 1


SQL> alter database add logfile group 4 ('/u01/duplex/redo_4_03.log','/database/RAMYADB/onlinelog/redo_4_02.log','/reco/RAMYADB/onlinelog/redo_4_01.log') size 200M;

Database altered.

SQL> set lines 100
set colsep |
col group# for a40
col member for a50
col status for a20
select group#, member, status from v$logfile;
SQL> SQL> SQL> SQL> SQL> 
    GROUP#|MEMBER					     |STATUS
----------|--------------------------------------------------|--------------------
##########|/database/RAMYADB/onlinelog/o1_mf_3_mwp9o4ff_.log |
##########|/reco/RAMYADB/onlinelog/o1_mf_3_mwp9o63n_.log     |
##########|/database/RAMYADB/onlinelog/o1_mf_2_mwp9o49w_.log |
##########|/reco/RAMYADB/onlinelog/o1_mf_2_mwp9o67s_.log     |
##########|/database/RAMYADB/onlinelog/o1_mf_1_mwp9o42w_.log |
##########|/reco/RAMYADB/onlinelog/o1_mf_1_mwp9o58l_.log     |
##########|/u01/duplex/redo_1_03.log			     |INVALID
##########|/u01/duplex/redo_2_03.log			     |INVALID
##########|/u01/duplex/redo_3_03.log			     |INVALID
##########|/u01/duplex/redo_4_03.log			     |
##########|/database/RAMYADB/onlinelog/redo_4_02.log	     |

    GROUP#|MEMBER					     |STATUS
----------|--------------------------------------------------|--------------------
##########|/reco/RAMYADB/onlinelog/redo_4_01.log	     |

12 rows selected.

SQL> set lines 300;
col member for a80;
select GROUP#, MEMBER from V$logfile order by 1;SQL> SQL> 

    GROUP#|MEMBER
----------|--------------------------------------------------------------------------------
##########|/reco/RAMYADB/onlinelog/o1_mf_1_mwp9o58l_.log
##########|/u01/duplex/redo_1_03.log
##########|/database/RAMYADB/onlinelog/o1_mf_1_mwp9o42w_.log
##########|/reco/RAMYADB/onlinelog/o1_mf_2_mwp9o67s_.log
##########|/u01/duplex/redo_2_03.log
##########|/database/RAMYADB/onlinelog/o1_mf_2_mwp9o49w_.log
##########|/database/RAMYADB/onlinelog/o1_mf_3_mwp9o4ff_.log
##########|/u01/duplex/redo_3_03.log
##########|/reco/RAMYADB/onlinelog/o1_mf_3_mwp9o63n_.log
##########|/database/RAMYADB/onlinelog/redo_4_02.log
##########|/reco/RAMYADB/onlinelog/redo_4_01.log

    GROUP#|MEMBER
----------|--------------------------------------------------------------------------------
##########|/u01/duplex/redo_4_03.log

12 rows selected.

SQL> alter database drop logfile member '/u01/duplex/redo_1_03.log';

Database altered.

SQL> set lines 300;
col member for a80;
select GROUP#, MEMBER from V$logfile order by 1;SQL> SQL> 

    GROUP#|MEMBER
----------|--------------------------------------------------------------------------------
##########|/reco/RAMYADB/onlinelog/o1_mf_1_mwp9o58l_.log
##########|/database/RAMYADB/onlinelog/o1_mf_1_mwp9o42w_.log
##########|/database/RAMYADB/onlinelog/o1_mf_2_mwp9o49w_.log
##########|/reco/RAMYADB/onlinelog/o1_mf_2_mwp9o67s_.log
##########|/u01/duplex/redo_2_03.log
##########|/database/RAMYADB/onlinelog/o1_mf_3_mwp9o4ff_.log
##########|/u01/duplex/redo_3_03.log
##########|/reco/RAMYADB/onlinelog/o1_mf_3_mwp9o63n_.log
##########|/reco/RAMYADB/onlinelog/redo_4_01.log
##########|/u01/duplex/redo_4_03.log
##########|/database/RAMYADB/onlinelog/redo_4_02.log

11 rows selected.

SQL> alter database drop logfile member '/u01/duplex/redo_2_03.log';
alter database drop logfile member '/u01/duplex/redo_2_03.log'
*
ERROR at line 1:
ORA-01609: log 2 is the current log for thread 1 - cannot drop members
ORA-00312: online log 2 thread 1: '/database/RAMYADB/onlinelog/o1_mf_2_mwp9o49w_.log'
ORA-00312: online log 2 thread 1: '/reco/RAMYADB/onlinelog/o1_mf_2_mwp9o67s_.log'
ORA-00312: online log 2 thread 1: '/u01/duplex/redo_2_03.log'


SQL> set lines 300;
col member for a80;
select GROUP#, MEMBER from V$logfile order by 1;
SQL> SQL> 
    GROUP#|MEMBER
----------|--------------------------------------------------------------------------------
##########|/reco/RAMYADB/onlinelog/o1_mf_1_mwp9o58l_.log
##########|/database/RAMYADB/onlinelog/o1_mf_1_mwp9o42w_.log
##########|/database/RAMYADB/onlinelog/o1_mf_2_mwp9o49w_.log
##########|/reco/RAMYADB/onlinelog/o1_mf_2_mwp9o67s_.log
##########|/u01/duplex/redo_2_03.log
##########|/database/RAMYADB/onlinelog/o1_mf_3_mwp9o4ff_.log
##########|/u01/duplex/redo_3_03.log
##########|/reco/RAMYADB/onlinelog/o1_mf_3_mwp9o63n_.log
##########|/reco/RAMYADB/onlinelog/redo_4_01.log
##########|/u01/duplex/redo_4_03.log
##########|/database/RAMYADB/onlinelog/redo_4_02.log

11 rows selected.

SQL> alter database drop logfile member '/u01/duplex/redo_3_03.log';

Database altered.

SQL> set lines 300;
col member for a80;
select GROUP#, MEMBER from V$logfile order by 1;SQL> SQL> 

    GROUP#|MEMBER
----------|--------------------------------------------------------------------------------
##########|/database/RAMYADB/onlinelog/o1_mf_1_mwp9o42w_.log
##########|/reco/RAMYADB/onlinelog/o1_mf_1_mwp9o58l_.log
##########|/database/RAMYADB/onlinelog/o1_mf_2_mwp9o49w_.log
##########|/reco/RAMYADB/onlinelog/o1_mf_2_mwp9o67s_.log
##########|/u01/duplex/redo_2_03.log
##########|/reco/RAMYADB/onlinelog/o1_mf_3_mwp9o63n_.log
##########|/database/RAMYADB/onlinelog/o1_mf_3_mwp9o4ff_.log
##########|/reco/RAMYADB/onlinelog/redo_4_01.log
##########|/database/RAMYADB/onlinelog/redo_4_02.log
##########|/u01/duplex/redo_4_03.log

10 rows selected.

SQL> alter database drop logfile member '/u01/duplex/redo_4_03.log';

Database altered.

SQL> set lines 300;
col member for a80;
select GROUP#, MEMBER from V$logfile order by 1;SQL> SQL> 

    GROUP#|MEMBER
----------|--------------------------------------------------------------------------------
##########|/database/RAMYADB/onlinelog/o1_mf_1_mwp9o42w_.log
##########|/reco/RAMYADB/onlinelog/o1_mf_1_mwp9o58l_.log
##########|/database/RAMYADB/onlinelog/o1_mf_2_mwp9o49w_.log
##########|/reco/RAMYADB/onlinelog/o1_mf_2_mwp9o67s_.log
##########|/u01/duplex/redo_2_03.log
##########|/reco/RAMYADB/onlinelog/o1_mf_3_mwp9o63n_.log
##########|/database/RAMYADB/onlinelog/o1_mf_3_mwp9o4ff_.log
##########|/reco/RAMYADB/onlinelog/redo_4_01.log
##########|/database/RAMYADB/onlinelog/redo_4_02.log

9 rows selected.

SQL> ALTER DATABASE DROP LOGFILE GROUP 4;

Database altered.

SQL> /u01/duplex/redo_4_03.log
SP2-0734: unknown command beginning "/u01/duple..." - rest of line ignored.
SQL> alter database add logfile member '/u01/app/oracle/fast_recovery_area/VENDB/onlinelog/o1_mf_1_mlmhgfd5_.log' group 1; 02
  2  alter database add logfile member '/u01/app/oracle/fast_recovery_area/VENDB/onlinelog/o1_mf_1_mlmhgfd5_.log' group 1; 02
  3  
SQL> SQL> alter database add logfile member '/u01/app/oracle/fast_recovery_area/VENDB/onlinelog/o1_mf_1_mlmhgfd5_.log' group 1; 02
SP2-0734: unknown command beginning "SQL> alter..." - rest of line ignored.
SQL> 
SQL> alter database add logfile member '/u01/app/oracle/fast_recovery_area/RAMYADB/onlinelog/o1_mf_1_mlmhgfd5_.log' group 1; 02
  2  
SQL> alter database add logfile member '/database/RAMYADB/onlinelog/o1_mf_1_mlmhgfd5_.log' group 1;
alter database add logfile member '/database/RAMYADB/onlinelog/o1_mf_1_mlmhgfd5_.log' group 1
                                                                                      *
ERROR at line 1:
ORA-00946: missing TO keyword


SQL> alter database add logfile member '/database/RAMYADB/onlinelog/o1_mf_1_mlmhgfd5_.log' group 1; 02
  2  
SQL> alter database add logfile member '/u01/duplex/redo_2_03.log' to group 2;
alter database add logfile member '/u01/duplex/redo_2_03.log' to group 2
*
ERROR at line 1:
ORA-01577: cannot add log file '/u01/duplex/redo_2_03.log' - file already part of database


SQL> alter database add logfile member '/u01/duplex/redo_1_03.log' to group 1;
alter database add logfile member '/u01/duplex/redo_1_03.log' to group 1
*
ERROR at line 1:
ORA-00301: error in adding log file '/u01/duplex/redo_1_03.log' - file cannot be created
ORA-27038: created file already exists
Additional information: 1


SQL> 
